Archive member included to satisfy reference by file (symbol)

C:\Users\olemtiuh\e2_studio\workspace_1\learning_project_1\synergy\ssp\src\framework\el\gx\cm4_gcc\libgx.a(gxe_utility_rectangle_define.o)
                              ./synergy/ssp/src/framework/sf_el_gx/gx_display_driver_synergy_dave2d.o (_gxe_utility_rectangle_define)
C:\Users\olemtiuh\e2_studio\workspace_1\learning_project_1\synergy\ssp\src\framework\el\gx\cm4_gcc\libgx.a(gxe_utility_rectangle_overlap_detect.o)
                              ./synergy/ssp/src/framework/sf_el_gx/gx_display_driver_synergy_dave2d.o (_gxe_utility_rectangle_overlap_detect)
C:\Users\olemtiuh\e2_studio\workspace_1\learning_project_1\synergy\ssp\src\framework\el\gx\cm4_gcc\libgx.a(gxe_utility_rectangle_shift.o)
                              ./synergy/ssp/src/framework/sf_el_gx/gx_display_driver_synergy_dave2d.o (_gxe_utility_rectangle_shift)
C:\Users\olemtiuh\e2_studio\workspace_1\learning_project_1\synergy\ssp\src\framework\el\gx\cm4_gcc\libgx.a(gx_display_driver_16bpp_horizontal_pattern_line_draw.o)
                              ./synergy/ssp/src/framework/sf_el_gx/gx_display_driver_synergy_dave2d.o (_gx_display_driver_16bpp_horizontal_pattern_line_draw)
C:\Users\olemtiuh\e2_studio\workspace_1\learning_project_1\synergy\ssp\src\framework\el\gx\cm4_gcc\libgx.a(gx_display_driver_16bpp_pixelmap_rotate.o)
                              ./synergy/ssp/src/framework/sf_el_gx/gx_display_driver_synergy_dave2d.o (_gx_display_driver_16bpp_pixelmap_rotate)
C:\Users\olemtiuh\e2_studio\workspace_1\learning_project_1\synergy\ssp\src\framework\el\gx\cm4_gcc\libgx.a(gx_display_driver_16bpp_pixel_write.o)
                              ./synergy/ssp/src/framework/sf_el_gx/gx_display_driver_synergy_dave2d.o (_gx_display_driver_16bpp_pixel_write)
C:\Users\olemtiuh\e2_studio\workspace_1\learning_project_1\synergy\ssp\src\framework\el\gx\cm4_gcc\libgx.a(gx_display_driver_16bpp_vertical_pattern_line_draw.o)
                              ./synergy/ssp/src/framework/sf_el_gx/gx_display_driver_synergy_dave2d.o (_gx_display_driver_16bpp_vertical_pattern_line_draw)
C:\Users\olemtiuh\e2_studio\workspace_1\learning_project_1\synergy\ssp\src\framework\el\gx\cm4_gcc\libgx.a(gx_display_driver_32argb_pixel_blend.o)
                              ./synergy/ssp/src/framework/sf_el_gx/gx_display_driver_synergy_dave2d.o (_gx_display_driver_32argb_pixel_blend)
C:\Users\olemtiuh\e2_studio\workspace_1\learning_project_1\synergy\ssp\src\framework\el\gx\cm4_gcc\libgx.a(gx_display_driver_32bpp_horizontal_pattern_line_draw.o)
                              ./synergy/ssp/src/framework/sf_el_gx/gx_display_driver_synergy_dave2d.o (_gx_display_driver_32bpp_horizontal_pattern_line_draw)
C:\Users\olemtiuh\e2_studio\workspace_1\learning_project_1\synergy\ssp\src\framework\el\gx\cm4_gcc\libgx.a(gx_display_driver_32bpp_pixel_write.o)
                              ./synergy/ssp/src/framework/sf_el_gx/gx_display_driver_synergy_dave2d.o (_gx_display_driver_32bpp_pixel_write)
C:\Users\olemtiuh\e2_studio\workspace_1\learning_project_1\synergy\ssp\src\framework\el\gx\cm4_gcc\libgx.a(gx_display_driver_32bpp_vertical_pattern_line_draw.o)
                              ./synergy/ssp/src/framework/sf_el_gx/gx_display_driver_synergy_dave2d.o (_gx_display_driver_32bpp_vertical_pattern_line_draw)
C:\Users\olemtiuh\e2_studio\workspace_1\learning_project_1\synergy\ssp\src\framework\el\gx\cm4_gcc\libgx.a(gx_display_driver_565rgb_pixel_blend.o)
                              ./synergy/ssp/src/framework/sf_el_gx/gx_display_driver_synergy_dave2d.o (_gx_display_driver_565rgb_pixel_blend)
C:\Users\olemtiuh\e2_studio\workspace_1\learning_project_1\synergy\ssp\src\framework\el\gx\cm4_gcc\libgx.a(gx_display_driver_8bpp_block_move.o)
                              ./synergy/ssp/src/framework/sf_el_gx/gx_display_driver_synergy_dave2d_8bit_palette.o (_gx_display_driver_8bpp_block_move)
C:\Users\olemtiuh\e2_studio\workspace_1\learning_project_1\synergy\ssp\src\framework\el\gx\cm4_gcc\libgx.a(gx_display_driver_8bpp_pixel_write.o)
                              ./synergy/ssp/src/framework/sf_el_gx/gx_display_driver_synergy_dave2d_8bit_palette.o (_gx_display_driver_8bpp_pixel_write)
C:\Users\olemtiuh\e2_studio\workspace_1\learning_project_1\synergy\ssp\src\framework\el\gx\cm4_gcc\libgx.a(gx_display_driver_generic_aliased_ellipse_draw.o)
                              ./synergy/ssp/src/framework/sf_el_gx/gx_display_driver_synergy_dave2d.o (_gx_display_driver_generic_aliased_ellipse_draw)
C:\Users\olemtiuh\e2_studio\workspace_1\learning_project_1\synergy\ssp\src\framework\el\gx\cm4_gcc\libgx.a(gx_display_driver_generic_arc_fill.o)
                              ./synergy/ssp/src/framework/sf_el_gx/gx_display_driver_synergy_dave2d.o (_gx_display_driver_generic_arc_fill)
C:\Users\olemtiuh\e2_studio\workspace_1\learning_project_1\synergy\ssp\src\framework\el\gx\cm4_gcc\libgx.a(gx_display_driver_generic_ellipse_draw.o)
                              ./synergy/ssp/src/framework/sf_el_gx/gx_display_driver_synergy_dave2d.o (_gx_display_driver_generic_ellipse_draw)
C:\Users\olemtiuh\e2_studio\workspace_1\learning_project_1\synergy\ssp\src\framework\el\gx\cm4_gcc\libgx.a(gx_display_driver_generic_ellipse_fill.o)
                              ./synergy/ssp/src/framework/sf_el_gx/gx_display_driver_synergy_dave2d.o (_gx_display_driver_generic_ellipse_fill)
C:\Users\olemtiuh\e2_studio\workspace_1\learning_project_1\synergy\ssp\src\framework\el\gx\cm4_gcc\libgx.a(gx_display_driver_generic_wide_ellipse_draw.o)
                              ./synergy/ssp/src/framework/sf_el_gx/gx_display_driver_synergy_dave2d_8bit_palette.o (_gx_display_driver_generic_wide_ellipse_draw)
C:\Users\olemtiuh\e2_studio\workspace_1\learning_project_1\synergy\ssp\src\framework\el\gx\cm4_gcc\libgx.a(gx_system_initialize.o)
                              C:\Users\olemtiuh\e2_studio\workspace_1\learning_project_1\synergy\ssp\src\framework\el\gx\cm4_gcc\libgx.a(gx_display_driver_16bpp_pixelmap_rotate.o) (_gx_system_scratchpad)
C:\Users\olemtiuh\e2_studio\workspace_1\learning_project_1\synergy\ssp\src\framework\el\gx\cm4_gcc\libgx.a(gx_system_thread_entry.o)
                              C:\Users\olemtiuh\e2_studio\workspace_1\learning_project_1\synergy\ssp\src\framework\el\gx\cm4_gcc\libgx.a(gx_system_initialize.o) (_gx_system_thread_entry)
C:\Users\olemtiuh\e2_studio\workspace_1\learning_project_1\synergy\ssp\src\framework\el\gx\cm4_gcc\libgx.a(gx_system_timer_expiration.o)
                              C:\Users\olemtiuh\e2_studio\workspace_1\learning_project_1\synergy\ssp\src\framework\el\gx\cm4_gcc\libgx.a(gx_system_initialize.o) (_gx_system_timer_expiration)
C:\Users\olemtiuh\e2_studio\workspace_1\learning_project_1\synergy\ssp\src\framework\el\gx\cm4_gcc\libgx.a(gx_system_timer_update.o)
                              C:\Users\olemtiuh\e2_studio\workspace_1\learning_project_1\synergy\ssp\src\framework\el\gx\cm4_gcc\libgx.a(gx_system_thread_entry.o) (_gx_system_timer_update)
C:\Users\olemtiuh\e2_studio\workspace_1\learning_project_1\synergy\ssp\src\framework\el\gx\cm4_gcc\libgx.a(gx_system_unlock.o)
                              C:\Users\olemtiuh\e2_studio\workspace_1\learning_project_1\synergy\ssp\src\framework\el\gx\cm4_gcc\libgx.a(gx_system_timer_update.o) (_gx_system_unlock)
C:\Users\olemtiuh\e2_studio\workspace_1\learning_project_1\synergy\ssp\src\framework\el\gx\cm4_gcc\libgx.a(gx_utility_ltoa.o)
                              C:\Users\olemtiuh\e2_studio\workspace_1\learning_project_1\synergy\ssp\src\framework\el\gx\cm4_gcc\libgx.a(gx_system_initialize.o) (_gx_utility_ltoa)
C:\Users\olemtiuh\e2_studio\workspace_1\learning_project_1\synergy\ssp\src\framework\el\gx\cm4_gcc\libgx.a(gx_utility_math_cos.o)
                              ./synergy/ssp/src/framework/sf_el_gx/gx_display_driver_synergy_dave2d.o (_gx_utility_math_cos)
C:\Users\olemtiuh\e2_studio\workspace_1\learning_project_1\synergy\ssp\src\framework\el\gx\cm4_gcc\libgx.a(gx_utility_math_sin.o)
                              ./synergy/ssp/src/framework/sf_el_gx/gx_display_driver_synergy_dave2d.o (_gx_utility_math_sin)
C:\Users\olemtiuh\e2_studio\workspace_1\learning_project_1\synergy\ssp\src\framework\el\gx\cm4_gcc\libgx.a(gx_utility_math_sqrt.o)
                              C:\Users\olemtiuh\e2_studio\workspace_1\learning_project_1\synergy\ssp\src\framework\el\gx\cm4_gcc\libgx.a(gx_display_driver_generic_aliased_ellipse_draw.o) (_gx_utility_math_sqrt)
C:\Users\olemtiuh\e2_studio\workspace_1\learning_project_1\synergy\ssp\src\framework\el\gx\cm4_gcc\libgx.a(gx_utility_rectangle_define.o)
                              ./synergy/ssp/src/framework/sf_el_gx/gx_display_driver_synergy_dave2d.o (_gx_utility_rectangle_define)
C:\Users\olemtiuh\e2_studio\workspace_1\learning_project_1\synergy\ssp\src\framework\el\gx\cm4_gcc\libgx.a(gx_utility_rectangle_overlap_detect.o)
                              ./synergy/ssp/src/framework/sf_el_gx/gx_display_driver_synergy_dave2d.o (_gx_utility_rectangle_overlap_detect)
C:\Users\olemtiuh\e2_studio\workspace_1\learning_project_1\synergy\ssp\src\framework\el\gx\cm4_gcc\libgx.a(gx_utility_rectangle_point_detect.o)
                              C:\Users\olemtiuh\e2_studio\workspace_1\learning_project_1\synergy\ssp\src\framework\el\gx\cm4_gcc\libgx.a(gx_display_driver_generic_aliased_ellipse_draw.o) (_gx_utility_rectangle_point_detect)
C:\Users\olemtiuh\e2_studio\workspace_1\learning_project_1\synergy\ssp\src\framework\el\gx\cm4_gcc\libgx.a(gx_utility_rectangle_shift.o)
                              ./synergy/ssp/src/framework/sf_el_gx/gx_display_driver_synergy_dave2d.o (_gx_utility_rectangle_shift)
C:\Users\olemtiuh\e2_studio\workspace_1\learning_project_1\synergy\ssp\src\framework\el\gx\cm4_gcc\libgx.a(gx_animation_update.o)
                              C:\Users\olemtiuh\e2_studio\workspace_1\learning_project_1\synergy\ssp\src\framework\el\gx\cm4_gcc\libgx.a(gx_system_timer_update.o) (_gx_animation_update)
C:\Users\olemtiuh\e2_studio\workspace_1\learning_project_1\synergy\ssp\src\framework\el\gx\cm4_gcc\libgx.a(gx_canvas_alpha_set.o)
                              C:\Users\olemtiuh\e2_studio\workspace_1\learning_project_1\synergy\ssp\src\framework\el\gx\cm4_gcc\libgx.a(gx_animation_update.o) (_gx_canvas_alpha_set)
C:\Users\olemtiuh\e2_studio\workspace_1\learning_project_1\synergy\ssp\src\framework\el\gx\cm4_gcc\libgx.a(gx_canvas_dirty_mark.o)
                              C:\Users\olemtiuh\e2_studio\workspace_1\learning_project_1\synergy\ssp\src\framework\el\gx\cm4_gcc\libgx.a(gx_canvas_alpha_set.o) (_gx_canvas_dirty_mark)
C:\Users\olemtiuh\e2_studio\workspace_1\learning_project_1\synergy\ssp\src\framework\el\gx\cm4_gcc\libgx.a(gx_canvas_offset_set.o)
                              C:\Users\olemtiuh\e2_studio\workspace_1\learning_project_1\synergy\ssp\src\framework\el\gx\cm4_gcc\libgx.a(gx_animation_update.o) (_gx_canvas_offset_set)
C:\Users\olemtiuh\e2_studio\workspace_1\learning_project_1\synergy\ssp\src\framework\el\gx\cm4_gcc\libgx.a(gx_display_driver_arc_clipping_get.o)
                              C:\Users\olemtiuh\e2_studio\workspace_1\learning_project_1\synergy\ssp\src\framework\el\gx\cm4_gcc\libgx.a(gx_display_driver_generic_arc_fill.o) (_gx_display_driver_arc_clipping_get)
C:\Users\olemtiuh\e2_studio\workspace_1\learning_project_1\synergy\ssp\src\framework\el\gx\cm4_gcc\libgx.a(gx_display_driver_circle_point_get.o)
                              C:\Users\olemtiuh\e2_studio\workspace_1\learning_project_1\synergy\ssp\src\framework\el\gx\cm4_gcc\libgx.a(gx_display_driver_generic_arc_fill.o) (_gx_display_driver_circle_point_get)
C:\Users\olemtiuh\e2_studio\workspace_1\learning_project_1\synergy\ssp\src\framework\el\gx\cm4_gcc\libgx.a(gx_system_canvas_refresh.o)
                              C:\Users\olemtiuh\e2_studio\workspace_1\learning_project_1\synergy\ssp\src\framework\el\gx\cm4_gcc\libgx.a(gx_system_thread_entry.o) (_gx_system_canvas_refresh)
C:\Users\olemtiuh\e2_studio\workspace_1\learning_project_1\synergy\ssp\src\framework\el\gx\cm4_gcc\libgx.a(gx_system_dirty_list_trim.o)
                              C:\Users\olemtiuh\e2_studio\workspace_1\learning_project_1\synergy\ssp\src\framework\el\gx\cm4_gcc\libgx.a(gx_system_canvas_refresh.o) (_gx_system_dirty_list_trim)
C:\Users\olemtiuh\e2_studio\workspace_1\learning_project_1\synergy\ssp\src\framework\el\gx\cm4_gcc\libgx.a(gx_system_dirty_mark.o)
                              C:\Users\olemtiuh\e2_studio\workspace_1\learning_project_1\synergy\ssp\src\framework\el\gx\cm4_gcc\libgx.a(gx_system_thread_entry.o) (_gx_system_dirty_mark)
C:\Users\olemtiuh\e2_studio\workspace_1\learning_project_1\synergy\ssp\src\framework\el\gx\cm4_gcc\libgx.a(gx_system_dirty_partial_add.o)
                              C:\Users\olemtiuh\e2_studio\workspace_1\learning_project_1\synergy\ssp\src\framework\el\gx\cm4_gcc\libgx.a(gx_animation_update.o) (_gx_system_dirty_partial_add)
C:\Users\olemtiuh\e2_studio\workspace_1\learning_project_1\synergy\ssp\src\framework\el\gx\cm4_gcc\libgx.a(gx_system_error_process.o)
                              C:\Users\olemtiuh\e2_studio\workspace_1\learning_project_1\synergy\ssp\src\framework\el\gx\cm4_gcc\libgx.a(gx_system_initialize.o) (_gx_system_error_process)
C:\Users\olemtiuh\e2_studio\workspace_1\learning_project_1\synergy\ssp\src\framework\el\gx\cm4_gcc\libgx.a(gx_system_event_dispatch.o)
                              C:\Users\olemtiuh\e2_studio\workspace_1\learning_project_1\synergy\ssp\src\framework\el\gx\cm4_gcc\libgx.a(gx_system_thread_entry.o) (_gx_system_event_dispatch)
C:\Users\olemtiuh\e2_studio\workspace_1\learning_project_1\synergy\ssp\src\framework\el\gx\cm4_gcc\libgx.a(gx_system_event_fold.o)
                              C:\Users\olemtiuh\e2_studio\workspace_1\learning_project_1\synergy\ssp\src\framework\el\gx\cm4_gcc\libgx.a(gx_system_timer_expiration.o) (_gx_system_event_fold)
C:\Users\olemtiuh\e2_studio\workspace_1\learning_project_1\synergy\ssp\src\framework\el\gx\cm4_gcc\libgx.a(gx_system_event_send.o)
                              C:\Users\olemtiuh\e2_studio\workspace_1\learning_project_1\synergy\ssp\src\framework\el\gx\cm4_gcc\libgx.a(gx_system_timer_update.o) (_gx_system_event_send)
C:\Users\olemtiuh\e2_studio\workspace_1\learning_project_1\synergy\ssp\src\framework\el\gx\cm4_gcc\libgx.a(gx_system_focus_claim.o)
                              C:\Users\olemtiuh\e2_studio\workspace_1\learning_project_1\synergy\ssp\src\framework\el\gx\cm4_gcc\libgx.a(gx_system_event_dispatch.o) (_gx_system_focus_claim)
C:\Users\olemtiuh\e2_studio\workspace_1\learning_project_1\synergy\ssp\src\framework\el\gx\cm4_gcc\libgx.a(gx_system_lock.o)
                              C:\Users\olemtiuh\e2_studio\workspace_1\learning_project_1\synergy\ssp\src\framework\el\gx\cm4_gcc\libgx.a(gx_system_timer_update.o) (_gx_system_lock)
C:\Users\olemtiuh\e2_studio\workspace_1\learning_project_1\synergy\ssp\src\framework\el\gx\cm4_gcc\libgx.a(gx_system_pen_flick_test.o)
                              C:\Users\olemtiuh\e2_studio\workspace_1\learning_project_1\synergy\ssp\src\framework\el\gx\cm4_gcc\libgx.a(gx_system_event_send.o) (_gx_system_pen_flick_test)
C:\Users\olemtiuh\e2_studio\workspace_1\learning_project_1\synergy\ssp\src\framework\el\gx\cm4_gcc\libgx.a(gx_system_pen_speed_init.o)
                              C:\Users\olemtiuh\e2_studio\workspace_1\learning_project_1\synergy\ssp\src\framework\el\gx\cm4_gcc\libgx.a(gx_system_event_send.o) (_gx_system_pen_speed_init)
C:\Users\olemtiuh\e2_studio\workspace_1\learning_project_1\synergy\ssp\src\framework\el\gx\cm4_gcc\libgx.a(gx_system_pen_speed_update.o)
                              C:\Users\olemtiuh\e2_studio\workspace_1\learning_project_1\synergy\ssp\src\framework\el\gx\cm4_gcc\libgx.a(gx_system_event_fold.o) (_gx_system_pen_speed_update)
C:\Users\olemtiuh\e2_studio\workspace_1\learning_project_1\synergy\ssp\src\framework\el\gx\cm4_gcc\libgx.a(gx_system_timer_stop.o)
                              C:\Users\olemtiuh\e2_studio\workspace_1\learning_project_1\synergy\ssp\src\framework\el\gx\cm4_gcc\libgx.a(gx_system_timer_update.o) (_gx_system_timer_stop)
C:\Users\olemtiuh\e2_studio\workspace_1\learning_project_1\synergy\ssp\src\framework\el\gx\cm4_gcc\libgx.a(gx_system_top_root_find.o)
                              C:\Users\olemtiuh\e2_studio\workspace_1\learning_project_1\synergy\ssp\src\framework\el\gx\cm4_gcc\libgx.a(gx_system_event_dispatch.o) (_gx_system_top_root_find)
C:\Users\olemtiuh\e2_studio\workspace_1\learning_project_1\synergy\ssp\src\framework\el\gx\cm4_gcc\libgx.a(gx_system_top_widget_find.o)
                              C:\Users\olemtiuh\e2_studio\workspace_1\learning_project_1\synergy\ssp\src\framework\el\gx\cm4_gcc\libgx.a(gx_system_event_dispatch.o) (_gx_system_top_widget_find)
C:\Users\olemtiuh\e2_studio\workspace_1\learning_project_1\synergy\ssp\src\framework\el\gx\cm4_gcc\libgx.a(gx_system_views_update.o)
                              C:\Users\olemtiuh\e2_studio\workspace_1\learning_project_1\synergy\ssp\src\framework\el\gx\cm4_gcc\libgx.a(gx_system_canvas_refresh.o) (_gx_system_views_update)
C:\Users\olemtiuh\e2_studio\workspace_1\learning_project_1\synergy\ssp\src\framework\el\gx\cm4_gcc\libgx.a(gx_utility_rectangle_combine.o)
                              C:\Users\olemtiuh\e2_studio\workspace_1\learning_project_1\synergy\ssp\src\framework\el\gx\cm4_gcc\libgx.a(gx_system_dirty_list_trim.o) (_gx_utility_rectangle_combine)
C:\Users\olemtiuh\e2_studio\workspace_1\learning_project_1\synergy\ssp\src\framework\el\gx\cm4_gcc\libgx.a(gx_widget_children_draw.o)
                              C:\Users\olemtiuh\e2_studio\workspace_1\learning_project_1\synergy\ssp\src\framework\el\gx\cm4_gcc\libgx.a(gx_system_canvas_refresh.o) (_gx_widget_children_draw)
C:\Users\olemtiuh\e2_studio\workspace_1\learning_project_1\synergy\ssp\src\framework\el\gx\cm4_gcc\libgx.a(gx_widget_child_detect.o)
                              C:\Users\olemtiuh\e2_studio\workspace_1\learning_project_1\synergy\ssp\src\framework\el\gx\cm4_gcc\libgx.a(gx_system_focus_claim.o) (_gx_widget_child_detect)
C:\Users\olemtiuh\e2_studio\workspace_1\learning_project_1\synergy\ssp\src\framework\el\gx\cm4_gcc\libgx.a(gx_widget_shift.o)
                              C:\Users\olemtiuh\e2_studio\workspace_1\learning_project_1\synergy\ssp\src\framework\el\gx\cm4_gcc\libgx.a(gx_animation_update.o) (_gx_widget_shift)
C:\Users\olemtiuh\e2_studio\workspace_1\learning_project_1\synergy\ssp\src\framework\el\gx\cm4_gcc\libgx.a(gx_window_view_update_detect.o)
                              C:\Users\olemtiuh\e2_studio\workspace_1\learning_project_1\synergy\ssp\src\framework\el\gx\cm4_gcc\libgx.a(gx_widget_shift.o) (_gx_window_view_update_detect)
C:\Users\olemtiuh\e2_studio\workspace_1\learning_project_1\synergy\ssp\src\framework\el\gx\cm4_gcc\libgx.a(gx_animation_complete.o)
                              C:\Users\olemtiuh\e2_studio\workspace_1\learning_project_1\synergy\ssp\src\framework\el\gx\cm4_gcc\libgx.a(gx_animation_update.o) (_gx_animation_complete)
C:\Users\olemtiuh\e2_studio\workspace_1\learning_project_1\synergy\ssp\src\framework\el\gx\cm4_gcc\libgx.a(gx_animation_stop.o)
                              C:\Users\olemtiuh\e2_studio\workspace_1\learning_project_1\synergy\ssp\src\framework\el\gx\cm4_gcc\libgx.a(gx_animation_complete.o) (_gx_animation_stop)
C:\Users\olemtiuh\e2_studio\workspace_1\learning_project_1\synergy\ssp\src\framework\el\gx\cm4_gcc\libgx.a(gx_canvas_composite_create.o)
                              C:\Users\olemtiuh\e2_studio\workspace_1\learning_project_1\synergy\ssp\src\framework\el\gx\cm4_gcc\libgx.a(gx_system_canvas_refresh.o) (_gx_canvas_composite_create)
C:\Users\olemtiuh\e2_studio\workspace_1\learning_project_1\synergy\ssp\src\framework\el\gx\cm4_gcc\libgx.a(gx_canvas_drawing_complete.o)
                              C:\Users\olemtiuh\e2_studio\workspace_1\learning_project_1\synergy\ssp\src\framework\el\gx\cm4_gcc\libgx.a(gx_system_canvas_refresh.o) (_gx_canvas_drawing_complete)
C:\Users\olemtiuh\e2_studio\workspace_1\learning_project_1\synergy\ssp\src\framework\el\gx\cm4_gcc\libgx.a(gx_canvas_drawing_initiate.o)
                              C:\Users\olemtiuh\e2_studio\workspace_1\learning_project_1\synergy\ssp\src\framework\el\gx\cm4_gcc\libgx.a(gx_system_canvas_refresh.o) (_gx_canvas_drawing_initiate)
C:\Users\olemtiuh\e2_studio\workspace_1\learning_project_1\synergy\ssp\src\framework\el\gx\cm4_gcc\libgx.a(gx_context_brush_default.o)
                              C:\Users\olemtiuh\e2_studio\workspace_1\learning_project_1\synergy\ssp\src\framework\el\gx\cm4_gcc\libgx.a(gx_canvas_drawing_initiate.o) (_gx_context_brush_default)
C:\Users\olemtiuh\e2_studio\workspace_1\learning_project_1\synergy\ssp\src\framework\el\gx\cm4_gcc\libgx.a(gx_system_all_views_free.o)
                              C:\Users\olemtiuh\e2_studio\workspace_1\learning_project_1\synergy\ssp\src\framework\el\gx\cm4_gcc\libgx.a(gx_system_views_update.o) (_gx_system_all_views_free)
C:\Users\olemtiuh\e2_studio\workspace_1\learning_project_1\synergy\ssp\src\framework\el\gx\cm4_gcc\libgx.a(gx_system_animation_free.o)
                              C:\Users\olemtiuh\e2_studio\workspace_1\learning_project_1\synergy\ssp\src\framework\el\gx\cm4_gcc\libgx.a(gx_animation_complete.o) (_gx_system_animation_free)
C:\Users\olemtiuh\e2_studio\workspace_1\learning_project_1\synergy\ssp\src\framework\el\gx\cm4_gcc\libgx.a(gx_system_root_view_add.o)
                              C:\Users\olemtiuh\e2_studio\workspace_1\learning_project_1\synergy\ssp\src\framework\el\gx\cm4_gcc\libgx.a(gx_system_views_update.o) (_gx_system_root_view_add)
C:\Users\olemtiuh\e2_studio\workspace_1\learning_project_1\synergy\ssp\src\framework\el\gx\cm4_gcc\libgx.a(gx_system_views_free.o)
                              C:\Users\olemtiuh\e2_studio\workspace_1\learning_project_1\synergy\ssp\src\framework\el\gx\cm4_gcc\libgx.a(gx_system_all_views_free.o) (_gx_system_views_free)
C:\Users\olemtiuh\e2_studio\workspace_1\learning_project_1\synergy\ssp\src\framework\el\gx\cm4_gcc\libgx.a(gx_system_view_add.o)
                              C:\Users\olemtiuh\e2_studio\workspace_1\learning_project_1\synergy\ssp\src\framework\el\gx\cm4_gcc\libgx.a(gx_system_root_view_add.o) (_gx_system_view_add)
C:\Users\olemtiuh\e2_studio\workspace_1\learning_project_1\synergy\ssp\src\framework\el\gx\cm4_gcc\libgx.a(gx_system_view_fold.o)
                              C:\Users\olemtiuh\e2_studio\workspace_1\learning_project_1\synergy\ssp\src\framework\el\gx\cm4_gcc\libgx.a(gx_system_view_add.o) (_gx_system_view_fold)
C:\Users\olemtiuh\e2_studio\workspace_1\learning_project_1\synergy\ssp\src\framework\el\gx\cm4_gcc\libgx.a(gx_system_view_split.o)
                              C:\Users\olemtiuh\e2_studio\workspace_1\learning_project_1\synergy\ssp\src\framework\el\gx\cm4_gcc\libgx.a(gx_system_root_view_add.o) (_gx_system_view_split)
C:\Users\olemtiuh\e2_studio\workspace_1\learning_project_1\synergy\ssp\src\framework\el\gx\cm4_gcc\libgx.a(gx_widget_attach.o)
                              C:\Users\olemtiuh\e2_studio\workspace_1\learning_project_1\synergy\ssp\src\framework\el\gx\cm4_gcc\libgx.a(gx_animation_complete.o) (_gx_widget_attach)
C:\Users\olemtiuh\e2_studio\workspace_1\learning_project_1\synergy\ssp\src\framework\el\gx\cm4_gcc\libgx.a(gx_widget_clipping_update.o)
                              C:\Users\olemtiuh\e2_studio\workspace_1\learning_project_1\synergy\ssp\src\framework\el\gx\cm4_gcc\libgx.a(gx_widget_shift.o) (_gx_widget_clipping_update)
C:\Users\olemtiuh\e2_studio\workspace_1\learning_project_1\synergy\ssp\src\framework\el\gx\cm4_gcc\libgx.a(gx_widget_delete.o)
                              C:\Users\olemtiuh\e2_studio\workspace_1\learning_project_1\synergy\ssp\src\framework\el\gx\cm4_gcc\libgx.a(gx_animation_complete.o) (_gx_widget_delete)
C:\Users\olemtiuh\e2_studio\workspace_1\learning_project_1\synergy\ssp\src\framework\el\gx\cm4_gcc\libgx.a(gx_widget_detach.o)
                              C:\Users\olemtiuh\e2_studio\workspace_1\learning_project_1\synergy\ssp\src\framework\el\gx\cm4_gcc\libgx.a(gx_animation_complete.o) (_gx_widget_detach)
C:\Users\olemtiuh\e2_studio\workspace_1\learning_project_1\synergy\ssp\src\framework\el\gx\cm4_gcc\libgx.a(gx_widget_free.o)
                              C:\Users\olemtiuh\e2_studio\workspace_1\learning_project_1\synergy\ssp\src\framework\el\gx\cm4_gcc\libgx.a(gx_widget_delete.o) (_gx_widget_free)
C:\Users\olemtiuh\e2_studio\workspace_1\learning_project_1\synergy\ssp\src\framework\el\gx\cm4_gcc\libgx.a(gx_widget_hide.o)
                              C:\Users\olemtiuh\e2_studio\workspace_1\learning_project_1\synergy\ssp\src\framework\el\gx\cm4_gcc\libgx.a(gx_animation_complete.o) (_gx_widget_hide)
C:\Users\olemtiuh\e2_studio\workspace_1\learning_project_1\synergy\ssp\src\framework\el\gx\cm4_gcc\libgx.a(gx_widget_link.o)
                              C:\Users\olemtiuh\e2_studio\workspace_1\learning_project_1\synergy\ssp\src\framework\el\gx\cm4_gcc\libgx.a(gx_widget_attach.o) (_gx_widget_link)
C:\Users\olemtiuh\e2_studio\workspace_1\learning_project_1\synergy\ssp\src\framework\el\gx\cm4_gcc\libgx.a(gx_widget_nav_order_initialize.o)
                              C:\Users\olemtiuh\e2_studio\workspace_1\learning_project_1\synergy\ssp\src\framework\el\gx\cm4_gcc\libgx.a(gx_widget_link.o) (_gx_widget_nav_order_initialize)
C:\Users\olemtiuh\e2_studio\workspace_1\learning_project_1\synergy\ssp\src\framework\el\gx\cm4_gcc\libgx.a(gx_widget_show.o)
                              C:\Users\olemtiuh\e2_studio\workspace_1\learning_project_1\synergy\ssp\src\framework\el\gx\cm4_gcc\libgx.a(gx_widget_link.o) (_gx_widget_show)
C:\Users\olemtiuh\e2_studio\workspace_1\learning_project_1\synergy\ssp\src\framework\el\gx\cm4_gcc\libgx.a(gx_widget_unlink.o)
                              C:\Users\olemtiuh\e2_studio\workspace_1\learning_project_1\synergy\ssp\src\framework\el\gx\cm4_gcc\libgx.a(gx_widget_delete.o) (_gx_widget_unlink)
C:\Users\olemtiuh\e2_studio\workspace_1\learning_project_1\synergy\ssp\src\framework\el\gx\cm4_gcc\libgx.a(gx_brush_default.o)
                              C:\Users\olemtiuh\e2_studio\workspace_1\learning_project_1\synergy\ssp\src\framework\el\gx\cm4_gcc\libgx.a(gx_context_brush_default.o) (_gx_brush_default)
C:\Users\olemtiuh\e2_studio\workspace_1\learning_project_1\synergy\ssp\src\framework\el\gx\cm4_gcc\libgx.a(gx_system_dirty_list_remove.o)
                              C:\Users\olemtiuh\e2_studio\workspace_1\learning_project_1\synergy\ssp\src\framework\el\gx\cm4_gcc\libgx.a(gx_widget_delete.o) (_gx_system_dirty_list_remove)
C:\Users\olemtiuh\e2_studio\workspace_1\learning_project_1\synergy\ssp\src\framework\el\gx\cm4_gcc\libgx.a(gx_system_event_remove.o)
                              C:\Users\olemtiuh\e2_studio\workspace_1\learning_project_1\synergy\ssp\src\framework\el\gx\cm4_gcc\libgx.a(gx_widget_delete.o) (_gx_system_event_remove)
C:\Users\olemtiuh\e2_studio\workspace_1\learning_project_1\synergy\ssp\src\framework\el\gx\cm4_gcc\libgx.a(gx_system_free_view_get.o)
                              C:\Users\olemtiuh\e2_studio\workspace_1\learning_project_1\synergy\ssp\src\framework\el\gx\cm4_gcc\libgx.a(gx_system_view_add.o) (_gx_system_free_view_get)
C:\Users\olemtiuh\e2_studio\workspace_1\learning_project_1\synergy\ssp\src\framework\el\gx\cm4_gcc\libgx.a(gx_system_private_string.o)
                              C:\Users\olemtiuh\e2_studio\workspace_1\learning_project_1\synergy\ssp\src\framework\el\gx\cm4_gcc\libgx.a(gx_widget_delete.o) (_gx_system_private_string_delete)
C:\Users\olemtiuh\e2_studio\workspace_1\learning_project_1\synergy\ssp\src\framework\el\gx\cm4_gcc\libgx.a(gx_widget_child_clipping_update.o)
                              C:\Users\olemtiuh\e2_studio\workspace_1\learning_project_1\synergy\ssp\src\framework\el\gx\cm4_gcc\libgx.a(gx_widget_clipping_update.o) (_gx_widget_child_clipping_update)
C:\Users\olemtiuh\e2_studio\workspace_1\learning_project_1\synergy\ssp\src\framework\el\tx\cm4_gcc\libtx.a(txe_block_allocate.o)
                              ./synergy/ssp/src/framework/sf_message/sf_message.o (_txe_block_allocate)
C:\Users\olemtiuh\e2_studio\workspace_1\learning_project_1\synergy\ssp\src\framework\el\tx\cm4_gcc\libtx.a(txe_block_pool_create.o)
                              ./synergy/ssp/src/framework/sf_message/sf_message.o (_txe_block_pool_create)
C:\Users\olemtiuh\e2_studio\workspace_1\learning_project_1\synergy\ssp\src\framework\el\tx\cm4_gcc\libtx.a(txe_block_pool_delete.o)
                              ./synergy/ssp/src/framework/sf_message/sf_message.o (_txe_block_pool_delete)
C:\Users\olemtiuh\e2_studio\workspace_1\learning_project_1\synergy\ssp\src\framework\el\tx\cm4_gcc\libtx.a(txe_block_release.o)
                              ./synergy/ssp/src/framework/sf_message/sf_message.o (_txe_block_release)
C:\Users\olemtiuh\e2_studio\workspace_1\learning_project_1\synergy\ssp\src\framework\el\tx\cm4_gcc\libtx.a(txe_byte_allocate.o)
                              ./synergy/ssp/src/framework/sf_tes_2d_drw/sf_tes_2d_drw_memory.o (_txe_byte_allocate)
C:\Users\olemtiuh\e2_studio\workspace_1\learning_project_1\synergy\ssp\src\framework\el\tx\cm4_gcc\libtx.a(txe_byte_pool_create.o)
                              ./synergy/ssp/src/framework/sf_tes_2d_drw/sf_tes_2d_drw_memory.o (_txe_byte_pool_create)
C:\Users\olemtiuh\e2_studio\workspace_1\learning_project_1\synergy\ssp\src\framework\el\tx\cm4_gcc\libtx.a(txe_byte_release.o)
                              ./synergy/ssp/src/framework/sf_tes_2d_drw/sf_tes_2d_drw_memory.o (_txe_byte_release)
C:\Users\olemtiuh\e2_studio\workspace_1\learning_project_1\synergy\ssp\src\framework\el\tx\cm4_gcc\libtx.a(txe_event_flags_create.o)
                              ./synergy/ssp/src/framework/sf_touch_panel_i2c/sf_touch_panel_i2c.o (_txe_event_flags_create)
C:\Users\olemtiuh\e2_studio\workspace_1\learning_project_1\synergy\ssp\src\framework\el\tx\cm4_gcc\libtx.a(txe_event_flags_delete.o)
                              ./synergy/ssp/src/framework/sf_touch_panel_i2c/sf_touch_panel_i2c.o (_txe_event_flags_delete)
C:\Users\olemtiuh\e2_studio\workspace_1\learning_project_1\synergy\ssp\src\framework\el\tx\cm4_gcc\libtx.a(txe_event_flags_get.o)
                              ./synergy/ssp/src/framework/sf_touch_panel_i2c/sf_touch_panel_i2c.o (_txe_event_flags_get)
C:\Users\olemtiuh\e2_studio\workspace_1\learning_project_1\synergy\ssp\src\framework\el\tx\cm4_gcc\libtx.a(txe_event_flags_set.o)
                              ./synergy/ssp/src/framework/sf_touch_panel_i2c/sf_touch_panel_i2c.o (_txe_event_flags_set)
C:\Users\olemtiuh\e2_studio\workspace_1\learning_project_1\synergy\ssp\src\framework\el\tx\cm4_gcc\libtx.a(txe_mutex_create.o)
                              ./synergy/ssp/src/framework/sf_touch_panel_i2c/sf_touch_panel_i2c.o (_txe_mutex_create)
C:\Users\olemtiuh\e2_studio\workspace_1\learning_project_1\synergy\ssp\src\framework\el\tx\cm4_gcc\libtx.a(txe_mutex_delete.o)
                              ./synergy/ssp/src/framework/sf_touch_panel_i2c/sf_touch_panel_i2c.o (_txe_mutex_delete)
C:\Users\olemtiuh\e2_studio\workspace_1\learning_project_1\synergy\ssp\src\framework\el\tx\cm4_gcc\libtx.a(txe_mutex_get.o)
                              ./synergy/ssp/src/framework/sf_touch_panel_i2c/sf_touch_panel_i2c.o (_txe_mutex_get)
C:\Users\olemtiuh\e2_studio\workspace_1\learning_project_1\synergy\ssp\src\framework\el\tx\cm4_gcc\libtx.a(txe_mutex_put.o)
                              ./synergy/ssp/src/framework/sf_touch_panel_i2c/sf_touch_panel_i2c.o (_txe_mutex_put)
C:\Users\olemtiuh\e2_studio\workspace_1\learning_project_1\synergy\ssp\src\framework\el\tx\cm4_gcc\libtx.a(txe_queue_create.o)
                              ./src/synergy_gen/message_data.o (_txe_queue_create)
C:\Users\olemtiuh\e2_studio\workspace_1\learning_project_1\synergy\ssp\src\framework\el\tx\cm4_gcc\libtx.a(txe_queue_flush.o)
                              ./synergy/ssp/src/framework/sf_message/sf_message.o (_txe_queue_flush)
C:\Users\olemtiuh\e2_studio\workspace_1\learning_project_1\synergy\ssp\src\framework\el\tx\cm4_gcc\libtx.a(txe_queue_front_send.o)
                              ./synergy/ssp/src/framework/sf_message/sf_message.o (_txe_queue_front_send)
C:\Users\olemtiuh\e2_studio\workspace_1\learning_project_1\synergy\ssp\src\framework\el\tx\cm4_gcc\libtx.a(txe_queue_receive.o)
                              ./synergy/ssp/src/framework/sf_message/sf_message.o (_txe_queue_receive)
C:\Users\olemtiuh\e2_studio\workspace_1\learning_project_1\synergy\ssp\src\framework\el\tx\cm4_gcc\libtx.a(txe_queue_send.o)
                              ./synergy/ssp/src/framework/sf_message/sf_message.o (_txe_queue_send)
C:\Users\olemtiuh\e2_studio\workspace_1\learning_project_1\synergy\ssp\src\framework\el\tx\cm4_gcc\libtx.a(txe_semaphore_ceiling_put.o)
                              ./synergy/ssp/src/framework/sf_tes_2d_drw/sf_tes_2d_drw_irq.o (_txe_semaphore_ceiling_put)
C:\Users\olemtiuh\e2_studio\workspace_1\learning_project_1\synergy\ssp\src\framework\el\tx\cm4_gcc\libtx.a(txe_semaphore_create.o)
                              ./synergy/ssp/src/framework/sf_tes_2d_drw/sf_tes_2d_drw_base.o (_txe_semaphore_create)
C:\Users\olemtiuh\e2_studio\workspace_1\learning_project_1\synergy\ssp\src\framework\el\tx\cm4_gcc\libtx.a(txe_semaphore_delete.o)
                              ./synergy/ssp/src/framework/sf_tes_2d_drw/sf_tes_2d_drw_base.o (_txe_semaphore_delete)
C:\Users\olemtiuh\e2_studio\workspace_1\learning_project_1\synergy\ssp\src\framework\el\tx\cm4_gcc\libtx.a(txe_semaphore_get.o)
                              ./synergy/ssp/src/framework/sf_tes_2d_drw/sf_tes_2d_drw_irq.o (_txe_semaphore_get)
C:\Users\olemtiuh\e2_studio\workspace_1\learning_project_1\synergy\ssp\src\framework\el\tx\cm4_gcc\libtx.a(txe_semaphore_put.o)
                              ./src/synergy_gen/main.o (_txe_semaphore_put)
C:\Users\olemtiuh\e2_studio\workspace_1\learning_project_1\synergy\ssp\src\framework\el\tx\cm4_gcc\libtx.a(txe_thread_create.o)
                              ./synergy/ssp/src/framework/sf_touch_panel_i2c/sf_touch_panel_i2c.o (_txe_thread_create)
C:\Users\olemtiuh\e2_studio\workspace_1\learning_project_1\synergy\ssp\src\framework\el\tx\cm4_gcc\libtx.a(txe_thread_delete.o)
                              ./synergy/ssp/src/framework/sf_touch_panel_i2c/sf_touch_panel_i2c.o (_txe_thread_delete)
C:\Users\olemtiuh\e2_studio\workspace_1\learning_project_1\synergy\ssp\src\framework\el\tx\cm4_gcc\libtx.a(txe_thread_suspend.o)
                              ./synergy/ssp/src/framework/sf_touch_panel_i2c/sf_touch_panel_i2c.o (_txe_thread_suspend)
C:\Users\olemtiuh\e2_studio\workspace_1\learning_project_1\synergy\ssp\src\framework\el\tx\cm4_gcc\libtx.a(txe_thread_terminate.o)
                              ./synergy/ssp/src/framework/sf_touch_panel_i2c/sf_touch_panel_i2c.o (_txe_thread_terminate)
C:\Users\olemtiuh\e2_studio\workspace_1\learning_project_1\synergy\ssp\src\framework\el\tx\cm4_gcc\libtx.a(tx_block_allocate.o)
                              C:\Users\olemtiuh\e2_studio\workspace_1\learning_project_1\synergy\ssp\src\framework\el\tx\cm4_gcc\libtx.a(txe_block_allocate.o) (_tx_block_allocate)
C:\Users\olemtiuh\e2_studio\workspace_1\learning_project_1\synergy\ssp\src\framework\el\tx\cm4_gcc\libtx.a(tx_block_pool_cleanup.o)
                              C:\Users\olemtiuh\e2_studio\workspace_1\learning_project_1\synergy\ssp\src\framework\el\tx\cm4_gcc\libtx.a(tx_block_allocate.o) (_tx_block_pool_cleanup)
C:\Users\olemtiuh\e2_studio\workspace_1\learning_project_1\synergy\ssp\src\framework\el\tx\cm4_gcc\libtx.a(tx_block_pool_create.o)
                              C:\Users\olemtiuh\e2_studio\workspace_1\learning_project_1\synergy\ssp\src\framework\el\tx\cm4_gcc\libtx.a(txe_block_pool_create.o) (_tx_block_pool_create)
C:\Users\olemtiuh\e2_studio\workspace_1\learning_project_1\synergy\ssp\src\framework\el\tx\cm4_gcc\libtx.a(tx_block_pool_delete.o)
                              C:\Users\olemtiuh\e2_studio\workspace_1\learning_project_1\synergy\ssp\src\framework\el\tx\cm4_gcc\libtx.a(txe_block_pool_delete.o) (_tx_block_pool_delete)
C:\Users\olemtiuh\e2_studio\workspace_1\learning_project_1\synergy\ssp\src\framework\el\tx\cm4_gcc\libtx.a(tx_block_release.o)
                              C:\Users\olemtiuh\e2_studio\workspace_1\learning_project_1\synergy\ssp\src\framework\el\tx\cm4_gcc\libtx.a(txe_block_release.o) (_tx_block_release)
C:\Users\olemtiuh\e2_studio\workspace_1\learning_project_1\synergy\ssp\src\framework\el\tx\cm4_gcc\libtx.a(tx_byte_allocate.o)
                              C:\Users\olemtiuh\e2_studio\workspace_1\learning_project_1\synergy\ssp\src\framework\el\tx\cm4_gcc\libtx.a(txe_byte_allocate.o) (_tx_byte_allocate)
C:\Users\olemtiuh\e2_studio\workspace_1\learning_project_1\synergy\ssp\src\framework\el\tx\cm4_gcc\libtx.a(tx_byte_pool_cleanup.o)
                              C:\Users\olemtiuh\e2_studio\workspace_1\learning_project_1\synergy\ssp\src\framework\el\tx\cm4_gcc\libtx.a(tx_byte_allocate.o) (_tx_byte_pool_cleanup)
C:\Users\olemtiuh\e2_studio\workspace_1\learning_project_1\synergy\ssp\src\framework\el\tx\cm4_gcc\libtx.a(tx_byte_pool_create.o)
                              C:\Users\olemtiuh\e2_studio\workspace_1\learning_project_1\synergy\ssp\src\framework\el\tx\cm4_gcc\libtx.a(txe_byte_pool_create.o) (_tx_byte_pool_create)
C:\Users\olemtiuh\e2_studio\workspace_1\learning_project_1\synergy\ssp\src\framework\el\tx\cm4_gcc\libtx.a(tx_byte_pool_search.o)
                              C:\Users\olemtiuh\e2_studio\workspace_1\learning_project_1\synergy\ssp\src\framework\el\tx\cm4_gcc\libtx.a(tx_byte_allocate.o) (_tx_byte_pool_search)
C:\Users\olemtiuh\e2_studio\workspace_1\learning_project_1\synergy\ssp\src\framework\el\tx\cm4_gcc\libtx.a(tx_byte_release.o)
                              C:\Users\olemtiuh\e2_studio\workspace_1\learning_project_1\synergy\ssp\src\framework\el\tx\cm4_gcc\libtx.a(txe_byte_release.o) (_tx_byte_release)
C:\Users\olemtiuh\e2_studio\workspace_1\learning_project_1\synergy\ssp\src\framework\el\tx\cm4_gcc\libtx.a(tx_event_flags_create.o)
                              C:\Users\olemtiuh\e2_studio\workspace_1\learning_project_1\synergy\ssp\src\framework\el\tx\cm4_gcc\libtx.a(txe_event_flags_create.o) (_tx_event_flags_create)
C:\Users\olemtiuh\e2_studio\workspace_1\learning_project_1\synergy\ssp\src\framework\el\tx\cm4_gcc\libtx.a(tx_event_flags_delete.o)
                              C:\Users\olemtiuh\e2_studio\workspace_1\learning_project_1\synergy\ssp\src\framework\el\tx\cm4_gcc\libtx.a(txe_event_flags_delete.o) (_tx_event_flags_delete)
C:\Users\olemtiuh\e2_studio\workspace_1\learning_project_1\synergy\ssp\src\framework\el\tx\cm4_gcc\libtx.a(tx_event_flags_get.o)
                              C:\Users\olemtiuh\e2_studio\workspace_1\learning_project_1\synergy\ssp\src\framework\el\tx\cm4_gcc\libtx.a(txe_event_flags_get.o) (_tx_event_flags_get)
C:\Users\olemtiuh\e2_studio\workspace_1\learning_project_1\synergy\ssp\src\framework\el\tx\cm4_gcc\libtx.a(tx_event_flags_set.o)
                              C:\Users\olemtiuh\e2_studio\workspace_1\learning_project_1\synergy\ssp\src\framework\el\tx\cm4_gcc\libtx.a(txe_event_flags_set.o) (_tx_event_flags_set)
C:\Users\olemtiuh\e2_studio\workspace_1\learning_project_1\synergy\ssp\src\framework\el\tx\cm4_gcc\libtx.a(tx_initialize_high_level.o)
                              C:\Users\olemtiuh\e2_studio\workspace_1\learning_project_1\synergy\ssp\src\framework\el\tx\cm4_gcc\libtx.a(txe_queue_create.o) (_tx_queue_created_ptr)
C:\Users\olemtiuh\e2_studio\workspace_1\learning_project_1\synergy\ssp\src\framework\el\tx\cm4_gcc\libtx.a(tx_initialize_kernel_enter.o)
                              ./src/synergy_gen/main.o (_tx_initialize_kernel_enter)
C:\Users\olemtiuh\e2_studio\workspace_1\learning_project_1\synergy\ssp\src\framework\el\tx\cm4_gcc\libtx.a(tx_isr_end.o)
                              ./synergy/ssp/src/framework/sf_tes_2d_drw/sf_tes_2d_drw_irq.o (tx_isr_end)
C:\Users\olemtiuh\e2_studio\workspace_1\learning_project_1\synergy\ssp\src\framework\el\tx\cm4_gcc\libtx.a(tx_isr_start.o)
                              ./synergy/ssp/src/framework/sf_tes_2d_drw/sf_tes_2d_drw_irq.o (tx_isr_start)
C:\Users\olemtiuh\e2_studio\workspace_1\learning_project_1\synergy\ssp\src\framework\el\tx\cm4_gcc\libtx.a(tx_mutex_create.o)
                              C:\Users\olemtiuh\e2_studio\workspace_1\learning_project_1\synergy\ssp\src\framework\el\gx\cm4_gcc\libgx.a(gx_system_initialize.o) (_tx_mutex_create)
C:\Users\olemtiuh\e2_studio\workspace_1\learning_project_1\synergy\ssp\src\framework\el\tx\cm4_gcc\libtx.a(tx_mutex_delete.o)
                              C:\Users\olemtiuh\e2_studio\workspace_1\learning_project_1\synergy\ssp\src\framework\el\gx\cm4_gcc\libgx.a(gx_system_initialize.o) (_tx_mutex_delete)
C:\Users\olemtiuh\e2_studio\workspace_1\learning_project_1\synergy\ssp\src\framework\el\tx\cm4_gcc\libtx.a(tx_mutex_get.o)
                              C:\Users\olemtiuh\e2_studio\workspace_1\learning_project_1\synergy\ssp\src\framework\el\gx\cm4_gcc\libgx.a(gx_system_lock.o) (_tx_mutex_get)
C:\Users\olemtiuh\e2_studio\workspace_1\learning_project_1\synergy\ssp\src\framework\el\tx\cm4_gcc\libtx.a(tx_mutex_priority_change.o)
                              C:\Users\olemtiuh\e2_studio\workspace_1\learning_project_1\synergy\ssp\src\framework\el\tx\cm4_gcc\libtx.a(tx_mutex_get.o) (_tx_mutex_priority_change)
C:\Users\olemtiuh\e2_studio\workspace_1\learning_project_1\synergy\ssp\src\framework\el\tx\cm4_gcc\libtx.a(tx_mutex_put.o)
                              C:\Users\olemtiuh\e2_studio\workspace_1\learning_project_1\synergy\ssp\src\framework\el\gx\cm4_gcc\libgx.a(gx_system_unlock.o) (_tx_mutex_put)
C:\Users\olemtiuh\e2_studio\workspace_1\learning_project_1\synergy\ssp\src\framework\el\tx\cm4_gcc\libtx.a(tx_queue_create.o)
                              C:\Users\olemtiuh\e2_studio\workspace_1\learning_project_1\synergy\ssp\src\framework\el\gx\cm4_gcc\libgx.a(gx_system_initialize.o) (_tx_queue_create)
C:\Users\olemtiuh\e2_studio\workspace_1\learning_project_1\synergy\ssp\src\framework\el\tx\cm4_gcc\libtx.a(tx_queue_delete.o)
                              C:\Users\olemtiuh\e2_studio\workspace_1\learning_project_1\synergy\ssp\src\framework\el\gx\cm4_gcc\libgx.a(gx_system_initialize.o) (_tx_queue_delete)
C:\Users\olemtiuh\e2_studio\workspace_1\learning_project_1\synergy\ssp\src\framework\el\tx\cm4_gcc\libtx.a(tx_queue_flush.o)
                              C:\Users\olemtiuh\e2_studio\workspace_1\learning_project_1\synergy\ssp\src\framework\el\tx\cm4_gcc\libtx.a(txe_queue_flush.o) (_tx_queue_flush)
C:\Users\olemtiuh\e2_studio\workspace_1\learning_project_1\synergy\ssp\src\framework\el\tx\cm4_gcc\libtx.a(tx_queue_front_send.o)
                              C:\Users\olemtiuh\e2_studio\workspace_1\learning_project_1\synergy\ssp\src\framework\el\tx\cm4_gcc\libtx.a(txe_queue_front_send.o) (_tx_queue_front_send)
C:\Users\olemtiuh\e2_studio\workspace_1\learning_project_1\synergy\ssp\src\framework\el\tx\cm4_gcc\libtx.a(tx_queue_receive.o)
                              C:\Users\olemtiuh\e2_studio\workspace_1\learning_project_1\synergy\ssp\src\framework\el\gx\cm4_gcc\libgx.a(gx_system_thread_entry.o) (_tx_queue_receive)
C:\Users\olemtiuh\e2_studio\workspace_1\learning_project_1\synergy\ssp\src\framework\el\tx\cm4_gcc\libtx.a(tx_queue_send.o)
                              C:\Users\olemtiuh\e2_studio\workspace_1\learning_project_1\synergy\ssp\src\framework\el\gx\cm4_gcc\libgx.a(gx_system_event_send.o) (_tx_queue_send)
C:\Users\olemtiuh\e2_studio\workspace_1\learning_project_1\synergy\ssp\src\framework\el\tx\cm4_gcc\libtx.a(tx_semaphore_ceiling_put.o)
                              C:\Users\olemtiuh\e2_studio\workspace_1\learning_project_1\synergy\ssp\src\framework\el\tx\cm4_gcc\libtx.a(txe_semaphore_ceiling_put.o) (_tx_semaphore_ceiling_put)
C:\Users\olemtiuh\e2_studio\workspace_1\learning_project_1\synergy\ssp\src\framework\el\tx\cm4_gcc\libtx.a(tx_semaphore_create.o)
                              C:\Users\olemtiuh\e2_studio\workspace_1\learning_project_1\synergy\ssp\src\framework\el\tx\cm4_gcc\libtx.a(txe_semaphore_create.o) (_tx_semaphore_create)
C:\Users\olemtiuh\e2_studio\workspace_1\learning_project_1\synergy\ssp\src\framework\el\tx\cm4_gcc\libtx.a(tx_semaphore_delete.o)
                              C:\Users\olemtiuh\e2_studio\workspace_1\learning_project_1\synergy\ssp\src\framework\el\tx\cm4_gcc\libtx.a(txe_semaphore_delete.o) (_tx_semaphore_delete)
C:\Users\olemtiuh\e2_studio\workspace_1\learning_project_1\synergy\ssp\src\framework\el\tx\cm4_gcc\libtx.a(tx_semaphore_get.o)
                              C:\Users\olemtiuh\e2_studio\workspace_1\learning_project_1\synergy\ssp\src\framework\el\tx\cm4_gcc\libtx.a(txe_semaphore_get.o) (_tx_semaphore_get)
C:\Users\olemtiuh\e2_studio\workspace_1\learning_project_1\synergy\ssp\src\framework\el\tx\cm4_gcc\libtx.a(tx_semaphore_put.o)
                              C:\Users\olemtiuh\e2_studio\workspace_1\learning_project_1\synergy\ssp\src\framework\el\tx\cm4_gcc\libtx.a(txe_semaphore_put.o) (_tx_semaphore_put)
C:\Users\olemtiuh\e2_studio\workspace_1\learning_project_1\synergy\ssp\src\framework\el\tx\cm4_gcc\libtx.a(tx_thread_create.o)
                              C:\Users\olemtiuh\e2_studio\workspace_1\learning_project_1\synergy\ssp\src\framework\el\gx\cm4_gcc\libgx.a(gx_system_initialize.o) (_tx_thread_create)
C:\Users\olemtiuh\e2_studio\workspace_1\learning_project_1\synergy\ssp\src\framework\el\tx\cm4_gcc\libtx.a(tx_thread_delete.o)
                              C:\Users\olemtiuh\e2_studio\workspace_1\learning_project_1\synergy\ssp\src\framework\el\tx\cm4_gcc\libtx.a(txe_thread_delete.o) (_tx_thread_delete)
C:\Users\olemtiuh\e2_studio\workspace_1\learning_project_1\synergy\ssp\src\framework\el\tx\cm4_gcc\libtx.a(tx_thread_identify.o)
                              C:\Users\olemtiuh\e2_studio\workspace_1\learning_project_1\synergy\ssp\src\framework\el\gx\cm4_gcc\libgx.a(gx_system_lock.o) (_tx_thread_identify)
C:\Users\olemtiuh\e2_studio\workspace_1\learning_project_1\synergy\ssp\src\framework\el\tx\cm4_gcc\libtx.a(tx_thread_initialize.o)
                              C:\Users\olemtiuh\e2_studio\workspace_1\learning_project_1\synergy\ssp\src\framework\el\tx\cm4_gcc\libtx.a(tx_initialize_high_level.o) (_tx_thread_initialize)
C:\Users\olemtiuh\e2_studio\workspace_1\learning_project_1\synergy\ssp\src\framework\el\tx\cm4_gcc\libtx.a(tx_thread_shell_entry.o)
                              C:\Users\olemtiuh\e2_studio\workspace_1\learning_project_1\synergy\ssp\src\framework\el\tx\cm4_gcc\libtx.a(tx_thread_create.o) (_tx_thread_shell_entry)
C:\Users\olemtiuh\e2_studio\workspace_1\learning_project_1\synergy\ssp\src\framework\el\tx\cm4_gcc\libtx.a(tx_thread_sleep.o)
                              ./synergy/ssp_supplemental/touch_drivers/touch_panel_i2c_sx8654/touch_panel_i2c_sx8654.o (_tx_thread_sleep)
C:\Users\olemtiuh\e2_studio\workspace_1\learning_project_1\synergy\ssp\src\framework\el\tx\cm4_gcc\libtx.a(tx_thread_suspend.o)
                              C:\Users\olemtiuh\e2_studio\workspace_1\learning_project_1\synergy\ssp\src\framework\el\tx\cm4_gcc\libtx.a(txe_thread_suspend.o) (_tx_thread_suspend)
C:\Users\olemtiuh\e2_studio\workspace_1\learning_project_1\synergy\ssp\src\framework\el\tx\cm4_gcc\libtx.a(tx_thread_system_preempt_check.o)
                              C:\Users\olemtiuh\e2_studio\workspace_1\learning_project_1\synergy\ssp\src\framework\el\tx\cm4_gcc\libtx.a(txe_block_pool_create.o) (_tx_thread_system_preempt_check)
C:\Users\olemtiuh\e2_studio\workspace_1\learning_project_1\synergy\ssp\src\framework\el\tx\cm4_gcc\libtx.a(tx_thread_system_resume.o)
                              C:\Users\olemtiuh\e2_studio\workspace_1\learning_project_1\synergy\ssp\src\framework\el\tx\cm4_gcc\libtx.a(tx_block_pool_cleanup.o) (_tx_thread_system_resume)
C:\Users\olemtiuh\e2_studio\workspace_1\learning_project_1\synergy\ssp\src\framework\el\tx\cm4_gcc\libtx.a(tx_thread_system_suspend.o)
                              C:\Users\olemtiuh\e2_studio\workspace_1\learning_project_1\synergy\ssp\src\framework\el\tx\cm4_gcc\libtx.a(tx_block_allocate.o) (_tx_thread_system_suspend)
C:\Users\olemtiuh\e2_studio\workspace_1\learning_project_1\synergy\ssp\src\framework\el\tx\cm4_gcc\libtx.a(tx_thread_terminate.o)
                              C:\Users\olemtiuh\e2_studio\workspace_1\learning_project_1\synergy\ssp\src\framework\el\tx\cm4_gcc\libtx.a(txe_thread_terminate.o) (_tx_thread_terminate)
C:\Users\olemtiuh\e2_studio\workspace_1\learning_project_1\synergy\ssp\src\framework\el\tx\cm4_gcc\libtx.a(tx_thread_timeout.o)
                              C:\Users\olemtiuh\e2_studio\workspace_1\learning_project_1\synergy\ssp\src\framework\el\tx\cm4_gcc\libtx.a(tx_thread_create.o) (_tx_thread_timeout)
C:\Users\olemtiuh\e2_studio\workspace_1\learning_project_1\synergy\ssp\src\framework\el\tx\cm4_gcc\libtx.a(tx_timer_create.o)
                              C:\Users\olemtiuh\e2_studio\workspace_1\learning_project_1\synergy\ssp\src\framework\el\gx\cm4_gcc\libgx.a(gx_system_initialize.o) (_tx_timer_create)
C:\Users\olemtiuh\e2_studio\workspace_1\learning_project_1\synergy\ssp\src\framework\el\tx\cm4_gcc\libtx.a(tx_timer_deactivate.o)
                              C:\Users\olemtiuh\e2_studio\workspace_1\learning_project_1\synergy\ssp\src\framework\el\gx\cm4_gcc\libgx.a(gx_system_timer_expiration.o) (_tx_timer_deactivate)
C:\Users\olemtiuh\e2_studio\workspace_1\learning_project_1\synergy\ssp\src\framework\el\tx\cm4_gcc\libtx.a(tx_timer_initialize.o)
                              C:\Users\olemtiuh\e2_studio\workspace_1\learning_project_1\synergy\ssp\src\framework\el\tx\cm4_gcc\libtx.a(tx_initialize_high_level.o) (_tx_timer_initialize)
C:\Users\olemtiuh\e2_studio\workspace_1\learning_project_1\synergy\ssp\src\framework\el\tx\cm4_gcc\libtx.a(tx_timer_system_activate.o)
                              C:\Users\olemtiuh\e2_studio\workspace_1\learning_project_1\synergy\ssp\src\framework\el\tx\cm4_gcc\libtx.a(tx_thread_system_suspend.o) (_tx_timer_system_activate)
C:\Users\olemtiuh\e2_studio\workspace_1\learning_project_1\synergy\ssp\src\framework\el\tx\cm4_gcc\libtx.a(tx_timer_system_deactivate.o)
                              C:\Users\olemtiuh\e2_studio\workspace_1\learning_project_1\synergy\ssp\src\framework\el\tx\cm4_gcc\libtx.a(tx_thread_system_resume.o) (_tx_timer_system_deactivate)
C:\Users\olemtiuh\e2_studio\workspace_1\learning_project_1\synergy\ssp\src\framework\el\tx\cm4_gcc\libtx.a(tx_time_get.o)
                              ./synergy/ssp/src/framework/sf_touch_panel_i2c/sf_touch_panel_i2c.o (_tx_time_get)
C:\Users\olemtiuh\e2_studio\workspace_1\learning_project_1\synergy\ssp\src\framework\el\tx\cm4_gcc\libtx.a(tx_initialize_low_level.o)
                              C:\Users\olemtiuh\e2_studio\workspace_1\learning_project_1\synergy\ssp\src\framework\el\tx\cm4_gcc\libtx.a(tx_initialize_kernel_enter.o) (_tx_initialize_low_level)
C:\Users\olemtiuh\e2_studio\workspace_1\learning_project_1\synergy\ssp\src\framework\el\tx\cm4_gcc\libtx.a(tx_thread_schedule.o)
                              C:\Users\olemtiuh\e2_studio\workspace_1\learning_project_1\synergy\ssp\src\framework\el\tx\cm4_gcc\libtx.a(tx_initialize_kernel_enter.o) (_tx_thread_schedule)
C:\Users\olemtiuh\e2_studio\workspace_1\learning_project_1\synergy\ssp\src\framework\el\tx\cm4_gcc\libtx.a(tx_thread_stack_build.o)
                              C:\Users\olemtiuh\e2_studio\workspace_1\learning_project_1\synergy\ssp\src\framework\el\tx\cm4_gcc\libtx.a(tx_thread_create.o) (_tx_thread_stack_build)
C:\Users\olemtiuh\e2_studio\workspace_1\learning_project_1\synergy\ssp\src\framework\el\tx\cm4_gcc\libtx.a(tx_timer_interrupt.o)
                              C:\Users\olemtiuh\e2_studio\workspace_1\learning_project_1\synergy\ssp\src\framework\el\tx\cm4_gcc\libtx.a(tx_thread_schedule.o) (_tx_timer_interrupt)
C:\Users\olemtiuh\e2_studio\workspace_1\learning_project_1\synergy\ssp\src\framework\el\tx\cm4_gcc\libtx.a(tx_event_flags_cleanup.o)
                              C:\Users\olemtiuh\e2_studio\workspace_1\learning_project_1\synergy\ssp\src\framework\el\tx\cm4_gcc\libtx.a(tx_event_flags_get.o) (_tx_event_flags_cleanup)
C:\Users\olemtiuh\e2_studio\workspace_1\learning_project_1\synergy\ssp\src\framework\el\tx\cm4_gcc\libtx.a(tx_mutex_cleanup.o)
                              C:\Users\olemtiuh\e2_studio\workspace_1\learning_project_1\synergy\ssp\src\framework\el\tx\cm4_gcc\libtx.a(tx_mutex_get.o) (_tx_mutex_cleanup)
C:\Users\olemtiuh\e2_studio\workspace_1\learning_project_1\synergy\ssp\src\framework\el\tx\cm4_gcc\libtx.a(tx_mutex_prioritize.o)
                              C:\Users\olemtiuh\e2_studio\workspace_1\learning_project_1\synergy\ssp\src\framework\el\tx\cm4_gcc\libtx.a(tx_mutex_put.o) (_tx_mutex_prioritize)
C:\Users\olemtiuh\e2_studio\workspace_1\learning_project_1\synergy\ssp\src\framework\el\tx\cm4_gcc\libtx.a(tx_queue_cleanup.o)
                              C:\Users\olemtiuh\e2_studio\workspace_1\learning_project_1\synergy\ssp\src\framework\el\tx\cm4_gcc\libtx.a(tx_queue_front_send.o) (_tx_queue_cleanup)
C:\Users\olemtiuh\e2_studio\workspace_1\learning_project_1\synergy\ssp\src\framework\el\tx\cm4_gcc\libtx.a(tx_semaphore_cleanup.o)
                              C:\Users\olemtiuh\e2_studio\workspace_1\learning_project_1\synergy\ssp\src\framework\el\tx\cm4_gcc\libtx.a(tx_semaphore_get.o) (_tx_semaphore_cleanup)
C:\Users\olemtiuh\e2_studio\workspace_1\learning_project_1\synergy\ssp\src\framework\el\tx\cm4_gcc\libtx.a(tx_thread_time_slice.o)
                              C:\Users\olemtiuh\e2_studio\workspace_1\learning_project_1\synergy\ssp\src\framework\el\tx\cm4_gcc\libtx.a(tx_timer_interrupt.o) (_tx_thread_time_slice)
C:\Users\olemtiuh\e2_studio\workspace_1\learning_project_1\synergy\ssp\src\framework\el\tx\cm4_gcc\libtx.a(tx_timer_expiration_process.o)
                              C:\Users\olemtiuh\e2_studio\workspace_1\learning_project_1\synergy\ssp\src\framework\el\tx\cm4_gcc\libtx.a(tx_timer_interrupt.o) (_tx_timer_expiration_process)
